// Jest Snapshot v1, https://goo.gl/fbAQLP

exports[`App renders learn react link 1`] = `
<div>
  <div
    class="App"
  >
    <h1
      class="headline"
    >
      ReactGram
    </h1>
    <div
      class="post"
    >
      <div
        class="post-image"
      >
        <img
          alt="12276809_750065668431999_184252508_n.jpg"
          class="image"
          data-testid="12276809_750065668431999_184252508_n.jpg"
          src="https://raw.githubusercontent.com/pankajladhar/Reactgram/master/app/images/12276809_750065668431999_184252508_n.jpg"
        />
      </div>
      <div
        class="tabs"
      >
        <div
          class="seperator"
        >
          <button
            class="tab"
          >
            Like
          </button>
        </div>
        <div
          class="seperator"
        >
          <button
            class="tab"
          >
            Comments 
            (1)
          </button>
        </div>
      </div>
    </div>
  </div>
</div>
`;
